[
  ["\"The expected result is\"","0"],
  ["\"The expected result is\"","1"],
  ["\"The expected result is\"","2"],
  ["\"The expected result is\"","3"],
  ["\"The expected result is\"","4"],
  ["\"The expected result is\"","5"],
  ["\"The expected result is\"","6"],
  ["\"The expected result is\"","7"],
  ["\"The expected result is\"","8"],
  ["\"The expected result is\"","9"]
]